// Jest Snapshot v1, https://goo.gl/fbAQLP

exports[`Component test snapshot Rockets renders correctly 1`] = `"no rockets"`;
